exports[`<Control /> default render 1`] = `
<div
  className="control">
  <HotKey />
  <AnswerResult />
</div>
`;
